// Jest Snapshot v1, https://goo.gl/fbAQLP

exports[`Login renders Login component 1`] = `
Object {
  "asFragment": [Function],
  "baseElement": <body>
    <div>
      <div
        class="login"
      >
        <h2
          class="title"
        >
          I already have an account
        </h2>
        <span>
          Sign in with your email and password
        </span>
        <form
          action=""
        >
          <div
            class="group"
          >
            <input
              class="form-input"
              name="email"
              required=""
              type="email"
            />
            <label
              class="form-input-label"
              for="loginEmail"
            >
              Email
            </label>
          </div>
          <div
            class="group"
          >
            <input
              class="form-input"
              name="password"
              required=""
              type="password"
            />
            <label
              class="form-input-label"
              for="loginPassword"
            >
              Password
            </label>
          </div>
          <div
            class="buttons"
          >
            <button
              class="sc-bdnylx XiWmD custom-button"
              type="submit"
            >
              Login
            </button>
            <button
              class="sc-bdnylx kLurem custom-button"
              type="button"
            >
              Login with Google
            </button>
          </div>
        </form>
      </div>
    </div>
  </body>,
  "container": <div>
    <div
      class="login"
    >
      <h2
        class="title"
      >
        I already have an account
      </h2>
      <span>
        Sign in with your email and password
      </span>
      <form
        action=""
      >
        <div
          class="group"
        >
          <input
            class="form-input"
            name="email"
            required=""
            type="email"
          />
          <label
            class="form-input-label"
            for="loginEmail"
          >
            Email
          </label>
        </div>
        <div
          class="group"
        >
          <input
            class="form-input"
            name="password"
            required=""
            type="password"
          />
          <label
            class="form-input-label"
            for="loginPassword"
          >
            Password
          </label>
        </div>
        <div
          class="buttons"
        >
          <button
            class="sc-bdnylx XiWmD custom-button"
            type="submit"
          >
            Login
          </button>
          <button
            class="sc-bdnylx kLurem custom-button"
            type="button"
          >
            Login with Google
          </button>
        </div>
      </form>
    </div>
  </div>,
  "debug": [Function],
  "findAllByAltText": [Function],
  "findAllByDisplayValue": [Function],
  "findAllByLabelText": [Function],
  "findAllByPlaceholderText": [Function],
  "findAllByRole": [Function],
  "findAllByTestId": [Function],
  "findAllByText": [Function],
  "findAllByTitle": [Function],
  "findByAltText": [Function],
  "findByDisplayValue": [Function],
  "findByLabelText": [Function],
  "findByPlaceholderText": [Function],
  "findByRole": [Function],
  "findByTestId": [Function],
  "findByText": [Function],
  "findByTitle": [Function],
  "getAllByAltText": [Function],
  "getAllByDisplayValue": [Function],
  "getAllByLabelText": [Function],
  "getAllByPlaceholderText": [Function],
  "getAllByRole": [Function],
  "getAllByTestId": [Function],
  "getAllByText": [Function],
  "getAllByTitle": [Function],
  "getByAltText": [Function],
  "getByDisplayValue": [Function],
  "getByLabelText": [Function],
  "getByPlaceholderText": [Function],
  "getByRole": [Function],
  "getByTestId": [Function],
  "getByText": [Function],
  "getByTitle": [Function],
  "queryAllByAltText": [Function],
  "queryAllByDisplayValue": [Function],
  "queryAllByLabelText": [Function],
  "queryAllByPlaceholderText": [Function],
  "queryAllByRole": [Function],
  "queryAllByTestId": [Function],
  "queryAllByText": [Function],
  "queryAllByTitle": [Function],
  "queryByAltText": [Function],
  "queryByDisplayValue": [Function],
  "queryByLabelText": [Function],
  "queryByPlaceholderText": [Function],
  "queryByRole": [Function],
  "queryByTestId": [Function],
  "queryByText": [Function],
  "queryByTitle": [Function],
  "rerender": [Function],
  "unmount": [Function],
}
`;
